00000            arithm  START   0    
                  
00000  032030    first   LDA     x    
00003  1B2030            ADD     y    
00006  0F2033            STA     sum    
                  . ---------
00009  032027            LDA     x    
0000C  1F2027            SUB     y    
0000F  0F202D            STA     diff    
                  . ---------
00012  03201E            LDA     x    
00015  23201E            MUL     y    
00018  0F2027            STA     prod    
                  . ---------
0001B  032015            LDA     x    
0001E  272015            DIV     y    
00021  0F2021            STA     quot    
                  . ---------
00024  23200F            MUL     y    
00027  1F2009            SUB     x    
0002A  23200C            MUL     minus    
0002D  0F2018            STA     mod    
00030  3F2FFD    halt    J       halt    
                  
                  . podatki
00033  00000E    x       WORD    14    
00036  000004    y       WORD    4    
00039  FFFFFF    minus   WORD    -1    
0003C  000000    sum     WORD    0    
0003F  000000    diff    WORD    0    
00042  000000    prod    WORD    0    
00045  000000    quot    WORD    0    
00048  000000    mod     WORD    0    
0004B                    END     first    
